// Jest Snapshot v1, https://goo.gl/fbAQLP

exports[`loginContainerSaga Saga Expect to have unit tests specified 1`] = `
Object {
  "@@redux-saga/IO": true,
  "combinator": false,
  "payload": Object {
    "args": Array [
      undefined,
      undefined,
    ],
    "context": null,
    "fn": [Function],
  },
  "type": "CALL",
}
`;

exports[`loginContainerSaga Saga should call the loginFailed action if logging fails 1`] = `
Object {
  "@@redux-saga/IO": true,
  "combinator": false,
  "payload": Object {
    "args": Array [
      undefined,
      undefined,
    ],
    "context": null,
    "fn": [Function],
  },
  "type": "CALL",
}
`;

exports[`loginContainerSaga Saga should dispatch loginSuccess if it gets the data successfully 1`] = `
Object {
  "@@redux-saga/IO": true,
  "combinator": false,
  "payload": Object {
    "args": Array [
      undefined,
      undefined,
    ],
    "context": null,
    "fn": [Function],
  },
  "type": "CALL",
}
`;

exports[`loginContainerSaga Saga should inject goBack action 1`] = `
Object {
  "@@redux-saga/IO": true,
  "combinator": false,
  "payload": Object {
    "args": Array [
      undefined,
      undefined,
    ],
    "context": null,
    "fn": [Function],
  },
  "type": "CALL",
}
`;
