// Jest Snapshot v1, https://goo.gl/fbAQLP

exports[`navigationContainerSaga Saga should call the getTagsFailed action if the response errors 1`] = `
Object {
  "@@redux-saga/IO": true,
  "combinator": false,
  "payload": Object {
    "args": Array [],
    "context": null,
    "fn": [Function],
  },
  "type": "CALL",
}
`;

exports[`navigationContainerSaga Saga should dispatch getTagsSuccess if it gets the data successfully 1`] = `
Object {
  "@@redux-saga/IO": true,
  "combinator": false,
  "payload": Object {
    "args": Array [],
    "context": null,
    "fn": [Function],
  },
  "type": "CALL",
}
`;
